Component: ARM Compiler 5.06 update 6 (build 750) Tool: armlink [4d35ed]

==============================================================================

Small function inlining results

Inlined total of 0 calls.

==============================================================================

Section Cross References

    system_nuc131.o(i.CLK_GetPLLClockFreq) refers to uidiv.o(.text) for __aeabi_uidivmod
    system_nuc131.o(i.SystemCoreClockUpdate) refers to system_nuc131.o(i.CLK_GetPLLClockFreq) for CLK_GetPLLClockFreq
    system_nuc131.o(i.SystemCoreClockUpdate) refers to uidiv.o(.text) for __aeabi_uidivmod
    system_nuc131.o(i.SystemCoreClockUpdate) refers to system_nuc131.o(.data) for PllClock
    startup_nuc131.o(RESET) refers to startup_nuc131.o(STACK) for __initial_sp
    startup_nuc131.o(RESET) refers to startup_nuc131.o(.text) for Reset_Handler
    startup_nuc131.o(RESET) refers to retarget.o(.emb_text) for HardFault_Handler
    startup_nuc131.o(RESET) refers to main.o(i.GPAB_IRQHandler) for GPAB_IRQHandler
    startup_nuc131.o(RESET) refers to main.o(i.UART02_IRQHandler) for UART02_IRQHandler
    startup_nuc131.o(.text) refers to system_nuc131.o(i.SystemInit) for SystemInit
    startup_nuc131.o(.text) refers to entry.o(.ARM.Collect$$$$00000000) for __main
    main.o(i.Check) refers to strlen.o(.text) for strlen
    main.o(i.GPAB_IRQHandler) refers to main.o(.data) for btnselect
    main.o(i.SYS_Init) refers to clk.o(i.CLK_EnableXtalRC) for CLK_EnableXtalRC
    main.o(i.SYS_Init) refers to clk.o(i.CLK_WaitClockReady) for CLK_WaitClockReady
    main.o(i.SYS_Init) refers to clk.o(i.CLK_SetHCLK) for CLK_SetHCLK
    main.o(i.SYS_Init) refers to clk.o(i.CLK_SetCoreClock) for CLK_SetCoreClock
    main.o(i.SYS_Init) refers to clk.o(i.CLK_EnableModuleClock) for CLK_EnableModuleClock
    main.o(i.SYS_Init) refers to clk.o(i.CLK_SetModuleClock) for CLK_SetModuleClock
    main.o(i.UART02_IRQHandler) refers to main.o(i.UART_Receiver) for UART_Receiver
    main.o(i.UART0_Init) refers to sys.o(i.SYS_ResetModule) for SYS_ResetModule
    main.o(i.UART0_Init) refers to uart.o(i.UART_Open) for UART_Open
    main.o(i.UART_Receiver) refers to main.o(.bss) for a
    main.o(i.UART_Receiver) refers to main.o(.data) for count
    main.o(i.main) refers to main.o(i.SYS_Init) for SYS_Init
    main.o(i.main) refers to main.o(i.UART0_Init) for UART0_Init
    main.o(i.main) refers to gpio.o(i.GPIO_SetMode) for GPIO_SetMode
    main.o(i.main) refers to gpio.o(i.GPIO_EnableInt) for GPIO_EnableInt
    main.o(i.main) refers to main.o(i.NVIC_EnableIRQ) for NVIC_EnableIRQ
    main.o(i.main) refers to main.o(i.sendComand) for sendComand
    main.o(i.main) refers to main.o(i.Delay) for Delay
    main.o(i.main) refers to main.o(.data) for btnselect
    main.o(i.sendComand) refers to uart.o(i.UART_EnableInt) for UART_EnableInt
    main.o(i.sendComand) refers to strlen.o(.text) for strlen
    main.o(i.sendComand) refers to main.o(i.Delay) for Delay
    main.o(i.sendComand) refers to uart.o(i.UART_DisableInt) for UART_DisableInt
    main.o(i.sendComand) refers to main.o(i.Check) for Check
    main.o(i.sendComand) refers to main.o(.bss) for a
    main.o(i.sendComand) refers to main.o(.data) for count
    clk.o(i.CLK_DisableCKO) refers to clk.o(i.CLK_DisableModuleClock) for CLK_DisableModuleClock
    clk.o(i.CLK_DisableModuleClock) refers to clk.o(.constdata) for .constdata
    clk.o(i.CLK_EnableCKO) refers to clk.o(i.CLK_EnableModuleClock) for CLK_EnableModuleClock
    clk.o(i.CLK_EnableCKO) refers to clk.o(i.CLK_SetModuleClock) for CLK_SetModuleClock
    clk.o(i.CLK_EnableModuleClock) refers to clk.o(.constdata) for .constdata
    clk.o(i.CLK_EnablePLL) refers to clk.o(i.CLK_WaitClockReady) for CLK_WaitClockReady
    clk.o(i.CLK_EnablePLL) refers to uidiv.o(.text) for __aeabi_uidivmod
    clk.o(i.CLK_EnablePLL) refers to clk.o(i.CLK_GetPLLClockFreq) for CLK_GetPLLClockFreq
    clk.o(i.CLK_GetCPUFreq) refers to system_nuc131.o(i.SystemCoreClockUpdate) for SystemCoreClockUpdate
    clk.o(i.CLK_GetCPUFreq) refers to system_nuc131.o(.data) for SystemCoreClock
    clk.o(i.CLK_GetHCLKFreq) refers to system_nuc131.o(i.SystemCoreClockUpdate) for SystemCoreClockUpdate
    clk.o(i.CLK_GetHCLKFreq) refers to system_nuc131.o(.data) for SystemCoreClock
    clk.o(i.CLK_GetPCLKFreq) refers to system_nuc131.o(i.SystemCoreClockUpdate) for SystemCoreClockUpdate
    clk.o(i.CLK_GetPCLKFreq) refers to system_nuc131.o(.data) for SystemCoreClock
    clk.o(i.CLK_GetPLLClockFreq) refers to uidiv.o(.text) for __aeabi_uidivmod
    clk.o(i.CLK_SetCoreClock) refers to clk.o(i.CLK_WaitClockReady) for CLK_WaitClockReady
    clk.o(i.CLK_SetCoreClock) refers to clk.o(i.CLK_EnablePLL) for CLK_EnablePLL
    clk.o(i.CLK_SetCoreClock) refers to clk.o(i.CLK_SetHCLK) for CLK_SetHCLK
    clk.o(i.CLK_SetHCLK) refers to system_nuc131.o(i.SystemCoreClockUpdate) for SystemCoreClockUpdate
    clk.o(i.CLK_SetModuleClock) refers to clk.o(.constdata) for .constdata
    retarget.o(.emb_text) refers to retarget.o(i.Hard_Fault_Handler) for Hard_Fault_Handler
    retarget.o(i.Hard_Fault_Handler) refers to printf5.o(i.__0printf$5) for __2printf
    retarget.o(i.Hard_Fault_Handler) refers to retarget.o(i.stackDump) for stackDump
    retarget.o(i.SendChar) refers to retarget.o(i.SendChar_ToUART) for SendChar_ToUART
    retarget.o(i._ttywrch) refers to retarget.o(i.SendChar) for SendChar
    retarget.o(i.fgetc) refers to retarget.o(i.GetChar) for GetChar
    retarget.o(i.fputc) refers to retarget.o(i.SendChar) for SendChar
    retarget.o(i.stackDump) refers to printf5.o(i.__0printf$5) for __2printf
    uart.o(i.CLK_GetPLLClockFreq) refers to uidiv.o(.text) for __aeabi_uidivmod
    uart.o(i.UART_DisableInt) refers to uart.o(i.NVIC_DisableIRQ) for NVIC_DisableIRQ
    uart.o(i.UART_EnableInt) refers to uart.o(i.NVIC_EnableIRQ) for NVIC_EnableIRQ
    uart.o(i.UART_Open) refers to uart.o(i.CLK_GetPLLClockFreq) for CLK_GetPLLClockFreq
    uart.o(i.UART_Open) refers to uidiv.o(.text) for __aeabi_uidivmod
    uart.o(i.UART_Open) refers to uart.o(.constdata) for .constdata
    uart.o(i.UART_SelectIrDAMode) refers to uart.o(i.CLK_GetPLLClockFreq) for CLK_GetPLLClockFreq
    uart.o(i.UART_SelectIrDAMode) refers to uidiv.o(.text) for __aeabi_uidivmod
    uart.o(i.UART_SelectIrDAMode) refers to uart.o(.constdata) for .constdata
    uart.o(i.UART_SetLine_Config) refers to uart.o(i.CLK_GetPLLClockFreq) for CLK_GetPLLClockFreq
    uart.o(i.UART_SetLine_Config) refers to uidiv.o(.text) for __aeabi_uidivmod
    uart.o(i.UART_SetLine_Config) refers to uart.o(.constdata) for .constdata
    timer.o(i.TIMER_Delay) refers to timer.o(i.TIMER_GetModuleClock) for TIMER_GetModuleClock
    timer.o(i.TIMER_Delay) refers to uidiv.o(.text) for __aeabi_uidivmod
    timer.o(i.TIMER_Delay) refers to system_nuc131.o(.data) for SystemCoreClock
    timer.o(i.TIMER_GetModuleClock) refers to memcpya.o(.text) for __aeabi_memcpy4
    timer.o(i.TIMER_GetModuleClock) refers to timer.o(.constdata) for .constdata
    timer.o(i.TIMER_GetModuleClock) refers to system_nuc131.o(.data) for SystemCoreClock
    timer.o(i.TIMER_Open) refers to timer.o(i.TIMER_GetModuleClock) for TIMER_GetModuleClock
    timer.o(i.TIMER_Open) refers to uidiv.o(.text) for __aeabi_uidivmod
    entry.o(.ARM.Collect$$$$00000000) refers (Special) to entry10a.o(.ARM.Collect$$$$0000000D) for __rt_final_cpp
    entry.o(.ARM.Collect$$$$00000000) refers (Special) to entry11a.o(.ARM.Collect$$$$0000000F) for __rt_final_exit
    entry.o(.ARM.Collect$$$$00000000) refers (Special) to entry7b.o(.ARM.Collect$$$$00000008) for _main_clock
    entry.o(.ARM.Collect$$$$00000000) refers (Special) to entry8b.o(.ARM.Collect$$$$0000000A) for _main_cpp_init
    entry.o(.ARM.Collect$$$$00000000) refers (Special) to entry9a.o(.ARM.Collect$$$$0000000B) for _main_init
    entry.o(.ARM.Collect$$$$00000000) refers (Special) to entry5.o(.ARM.Collect$$$$00000004) for _main_scatterload
    entry.o(.ARM.Collect$$$$00000000) refers (Special) to entry2.o(.ARM.Collect$$$$00000001) for _main_stk
    printfb.o(i.__0fprintf$bare) refers to printfb.o(i._printf_core) for _printf_core
    printfb.o(i.__0fprintf$bare) refers to retarget.o(i.fputc) for fputc
    printfb.o(i.__0printf$bare) refers to printfb.o(i._printf_core) for _printf_core
    printfb.o(i.__0printf$bare) refers to retarget.o(i.fputc) for fputc
    printfb.o(i.__0printf$bare) refers to retarget.o(.data) for __stdout
    printfb.o(i.__0snprintf$bare) refers to printfb.o(i._printf_core) for _printf_core
    printfb.o(i.__0snprintf$bare) refers to printfb.o(i._snputc) for _snputc
    printfb.o(i.__0sprintf$bare) refers to printfb.o(i._printf_core) for _printf_core
    printfb.o(i.__0sprintf$bare) refers to printfb.o(i._sputc) for _sputc
    printfb.o(i.__0vfprintf$bare) refers to printfb.o(i._printf_core) for _printf_core
    printfb.o(i.__0vfprintf$bare) refers to retarget.o(i.fputc) for fputc
    printfb.o(i.__0vprintf$bare) refers to printfb.o(i._printf_core) for _printf_core
    printfb.o(i.__0vprintf$bare) refers to retarget.o(i.fputc) for fputc
    printfb.o(i.__0vprintf$bare) refers to retarget.o(.data) for __stdout
    printfb.o(i.__0vsnprintf$bare) refers to printfb.o(i._printf_core) for _printf_core
    printfb.o(i.__0vsnprintf$bare) refers to printfb.o(i._snputc) for _snputc
    printfb.o(i.__0vsprintf$bare) refers to printfb.o(i._printf_core) for _printf_core
    printfb.o(i.__0vsprintf$bare) refers to printfb.o(i._sputc) for _sputc
    printf0.o(i.__0fprintf$0) refers to printf0.o(i._printf_core) for _printf_core
    printf0.o(i.__0fprintf$0) refers to retarget.o(i.fputc) for fputc
    printf0.o(i.__0printf$0) refers to printf0.o(i._printf_core) for _printf_core
    printf0.o(i.__0printf$0) refers to retarget.o(i.fputc) for fputc
    printf0.o(i.__0printf$0) refers to retarget.o(.data) for __stdout
    printf0.o(i.__0snprintf$0) refers to printf0.o(i._printf_core) for _printf_core
    printf0.o(i.__0snprintf$0) refers to printf0.o(i._snputc) for _snputc
    printf0.o(i.__0sprintf$0) refers to printf0.o(i._printf_core) for _printf_core
    printf0.o(i.__0sprintf$0) refers to printf0.o(i._sputc) for _sputc
    printf0.o(i.__0vfprintf$0) refers to printf0.o(i._printf_core) for _printf_core
    printf0.o(i.__0vfprintf$0) refers to retarget.o(i.fputc) for fputc
    printf0.o(i.__0vprintf$0) refers to printf0.o(i._printf_core) for _printf_core
    printf0.o(i.__0vprintf$0) refers to retarget.o(i.fputc) for fputc
    printf0.o(i.__0vprintf$0) refers to retarget.o(.data) for __stdout
    printf0.o(i.__0vsnprintf$0) refers to printf0.o(i._printf_core) for _printf_core
    printf0.o(i.__0vsnprintf$0) refers to printf0.o(i._snputc) for _snputc
    printf0.o(i.__0vsprintf$0) refers to printf0.o(i._printf_core) for _printf_core
    printf0.o(i.__0vsprintf$0) refers to printf0.o(i._sputc) for _sputc
    printf1.o(i.__0fprintf$1) refers to printf1.o(i._printf_core) for _printf_core
    printf1.o(i.__0fprintf$1) refers to retarget.o(i.fputc) for fputc
    printf1.o(i.__0printf$1) refers to printf1.o(i._printf_core) for _printf_core
    printf1.o(i.__0printf$1) refers to retarget.o(i.fputc) for fputc
    printf1.o(i.__0printf$1) refers to retarget.o(.data) for __stdout
    printf1.o(i.__0snprintf$1) refers to printf1.o(i._printf_core) for _printf_core
    printf1.o(i.__0snprintf$1) refers to printf1.o(i._snputc) for _snputc
    printf1.o(i.__0sprintf$1) refers to printf1.o(i._printf_core) for _printf_core
    printf1.o(i.__0sprintf$1) refers to printf1.o(i._sputc) for _sputc
    printf1.o(i.__0vfprintf$1) refers to printf1.o(i._printf_core) for _printf_core
    printf1.o(i.__0vfprintf$1) refers to retarget.o(i.fputc) for fputc
    printf1.o(i.__0vprintf$1) refers to printf1.o(i._printf_core) for _printf_core
    printf1.o(i.__0vprintf$1) refers to retarget.o(i.fputc) for fputc
    printf1.o(i.__0vprintf$1) refers to retarget.o(.data) for __stdout
    printf1.o(i.__0vsnprintf$1) refers to printf1.o(i._printf_core) for _printf_core
    printf1.o(i.__0vsnprintf$1) refers to printf1.o(i._snputc) for _snputc
    printf1.o(i.__0vsprintf$1) refers to printf1.o(i._printf_core) for _printf_core
    printf1.o(i.__0vsprintf$1) refers to printf1.o(i._sputc) for _sputc
    printf1.o(i._printf_core) refers to uidiv.o(.text) for __aeabi_uidivmod
    printf2.o(i.__0fprintf$2) refers to printf2.o(i._printf_core) for _printf_core
    printf2.o(i.__0fprintf$2) refers to retarget.o(i.fputc) for fputc
    printf2.o(i.__0printf$2) refers to printf2.o(i._printf_core) for _printf_core
    printf2.o(i.__0printf$2) refers to retarget.o(i.fputc) for fputc
    printf2.o(i.__0printf$2) refers to retarget.o(.data) for __stdout
    printf2.o(i.__0snprintf$2) refers to printf2.o(i._printf_core) for _printf_core
    printf2.o(i.__0snprintf$2) refers to printf2.o(i._snputc) for _snputc
    printf2.o(i.__0sprintf$2) refers to printf2.o(i._printf_core) for _printf_core
    printf2.o(i.__0sprintf$2) refers to printf2.o(i._sputc) for _sputc
    printf2.o(i.__0vfprintf$2) refers to printf2.o(i._printf_core) for _printf_core
    printf2.o(i.__0vfprintf$2) refers to retarget.o(i.fputc) for fputc
    printf2.o(i.__0vprintf$2) refers to printf2.o(i._printf_core) for _printf_core
    printf2.o(i.__0vprintf$2) refers to retarget.o(i.fputc) for fputc
    printf2.o(i.__0vprintf$2) refers to retarget.o(.data) for __stdout
    printf2.o(i.__0vsnprintf$2) refers to printf2.o(i._printf_core) for _printf_core
    printf2.o(i.__0vsnprintf$2) refers to printf2.o(i._snputc) for _snputc
    printf2.o(i.__0vsprintf$2) refers to printf2.o(i._printf_core) for _printf_core
    printf2.o(i.__0vsprintf$2) refers to printf2.o(i._sputc) for _sputc
    printf3.o(i.__0fprintf$3) refers to printf3.o(i._printf_core) for _printf_core
    printf3.o(i.__0fprintf$3) refers to retarget.o(i.fputc) for fputc
    printf3.o(i.__0printf$3) refers to printf3.o(i._printf_core) for _printf_core
    printf3.o(i.__0printf$3) refers to retarget.o(i.fputc) for fputc
    printf3.o(i.__0printf$3) refers to retarget.o(.data) for __stdout
    printf3.o(i.__0snprintf$3) refers to printf3.o(i._printf_core) for _printf_core
    printf3.o(i.__0snprintf$3) refers to printf3.o(i._snputc) for _snputc
    printf3.o(i.__0sprintf$3) refers to printf3.o(i._printf_core) for _printf_core
    printf3.o(i.__0sprintf$3) refers to printf3.o(i._sputc) for _sputc
    printf3.o(i.__0vfprintf$3) refers to printf3.o(i._printf_core) for _printf_core
    printf3.o(i.__0vfprintf$3) refers to retarget.o(i.fputc) for fputc
    printf3.o(i.__0vprintf$3) refers to printf3.o(i._printf_core) for _printf_core
    printf3.o(i.__0vprintf$3) refers to retarget.o(i.fputc) for fputc
    printf3.o(i.__0vprintf$3) refers to retarget.o(.data) for __stdout
    printf3.o(i.__0vsnprintf$3) refers to printf3.o(i._printf_core) for _printf_core
    printf3.o(i.__0vsnprintf$3) refers to printf3.o(i._snputc) for _snputc
    printf3.o(i.__0vsprintf$3) refers to printf3.o(i._printf_core) for _printf_core
    printf3.o(i.__0vsprintf$3) refers to printf3.o(i._sputc) for _sputc
    printf3.o(i._printf_core) refers to uidiv.o(.text) for __aeabi_uidivmod
    printf4.o(i.__0fprintf$4) refers to printf4.o(i._printf_core) for _printf_core
    printf4.o(i.__0fprintf$4) refers to retarget.o(i.fputc) for fputc
    printf4.o(i.__0printf$4) refers to printf4.o(i._printf_core) for _printf_core
    printf4.o(i.__0printf$4) refers to retarget.o(i.fputc) for fputc
    printf4.o(i.__0printf$4) refers to retarget.o(.data) for __stdout
    printf4.o(i.__0snprintf$4) refers to printf4.o(i._printf_core) for _printf_core
    printf4.o(i.__0snprintf$4) refers to printf4.o(i._snputc) for _snputc
    printf4.o(i.__0sprintf$4) refers to printf4.o(i._printf_core) for _printf_core
    printf4.o(i.__0sprintf$4) refers to printf4.o(i._sputc) for _sputc
    printf4.o(i.__0vfprintf$4) refers to printf4.o(i._printf_core) for _printf_core
    printf4.o(i.__0vfprintf$4) refers to retarget.o(i.fputc) for fputc
    printf4.o(i.__0vprintf$4) refers to printf4.o(i._printf_core) for _printf_core
    printf4.o(i.__0vprintf$4) refers to retarget.o(i.fputc) for fputc
    printf4.o(i.__0vprintf$4) refers to retarget.o(.data) for __stdout
    printf4.o(i.__0vsnprintf$4) refers to printf4.o(i._printf_core) for _printf_core
    printf4.o(i.__0vsnprintf$4) refers to printf4.o(i._snputc) for _snputc
    printf4.o(i.__0vsprintf$4) refers to printf4.o(i._printf_core) for _printf_core
    printf4.o(i.__0vsprintf$4) refers to printf4.o(i._sputc) for _sputc
    printf4.o(i._printf_core) refers to uldiv.o(.text) for __aeabi_uldivmod
    printf5.o(i.__0fprintf$5) refers to printf5.o(i._printf_core) for _printf_core
    printf5.o(i.__0fprintf$5) refers to retarget.o(i.fputc) for fputc
    printf5.o(i.__0printf$5) refers to printf5.o(i._printf_core) for _printf_core
    printf5.o(i.__0printf$5) refers to retarget.o(i.fputc) for fputc
    printf5.o(i.__0printf$5) refers to retarget.o(.data) for __stdout
    printf5.o(i.__0snprintf$5) refers to printf5.o(i._printf_core) for _printf_core
    printf5.o(i.__0snprintf$5) refers to printf5.o(i._snputc) for _snputc
    printf5.o(i.__0sprintf$5) refers to printf5.o(i._printf_core) for _printf_core
    printf5.o(i.__0sprintf$5) refers to printf5.o(i._sputc) for _sputc
    printf5.o(i.__0vfprintf$5) refers to printf5.o(i._printf_core) for _printf_core
    printf5.o(i.__0vfprintf$5) refers to retarget.o(i.fputc) for fputc
    printf5.o(i.__0vprintf$5) refers to printf5.o(i._printf_core) for _printf_core
    printf5.o(i.__0vprintf$5) refers to retarget.o(i.fputc) for fputc
    printf5.o(i.__0vprintf$5) refers to retarget.o(.data) for __stdout
    printf5.o(i.__0vsnprintf$5) refers to printf5.o(i._printf_core) for _printf_core
    printf5.o(i.__0vsnprintf$5) refers to printf5.o(i._snputc) for _snputc
    printf5.o(i.__0vsprintf$5) refers to printf5.o(i._printf_core) for _printf_core
    printf5.o(i.__0vsprintf$5) refers to printf5.o(i._sputc) for _sputc
    printf5.o(i._printf_core) refers to uldiv.o(.text) for __aeabi_uldivmod
    printf6.o(i.__0fprintf$6) refers to printf6.o(i._printf_core) for _printf_core
    printf6.o(i.__0fprintf$6) refers to retarget.o(i.fputc) for fputc
    printf6.o(i.__0printf$6) refers to printf6.o(i._printf_core) for _printf_core
    printf6.o(i.__0printf$6) refers to retarget.o(i.fputc) for fputc
    printf6.o(i.__0printf$6) refers to retarget.o(.data) for __stdout
    printf6.o(i.__0snprintf$6) refers to printf6.o(i._printf_core) for _printf_core
    printf6.o(i.__0snprintf$6) refers to printf6.o(i._snputc) for _snputc
    printf6.o(i.__0sprintf$6) refers to printf6.o(i._printf_core) for _printf_core
    printf6.o(i.__0sprintf$6) refers to printf6.o(i._sputc) for _sputc
    printf6.o(i.__0vfprintf$6) refers to printf6.o(i._printf_core) for _printf_core
    printf6.o(i.__0vfprintf$6) refers to retarget.o(i.fputc) for fputc
    printf6.o(i.__0vprintf$6) refers to printf6.o(i._printf_core) for _printf_core
    printf6.o(i.__0vprintf$6) refers to retarget.o(i.fputc) for fputc
    printf6.o(i.__0vprintf$6) refers to retarget.o(.data) for __stdout
    printf6.o(i.__0vsnprintf$6) refers to printf6.o(i._printf_core) for _printf_core
    printf6.o(i.__0vsnprintf$6) refers to printf6.o(i._snputc) for _snputc
    printf6.o(i.__0vsprintf$6) refers to printf6.o(i._printf_core) for _printf_core
    printf6.o(i.__0vsprintf$6) refers to printf6.o(i._sputc) for _sputc
    printf6.o(i._printf_core) refers to printf6.o(i._printf_pre_padding) for _printf_pre_padding
    printf6.o(i._printf_core) refers to printf6.o(i._printf_post_padding) for _printf_post_padding
    printf6.o(i._printf_core) refers to uidiv.o(.text) for __aeabi_uidivmod
    printf7.o(i.__0fprintf$7) refers to printf7.o(i._printf_core) for _printf_core
    printf7.o(i.__0fprintf$7) refers to retarget.o(i.fputc) for fputc
    printf7.o(i.__0printf$7) refers to printf7.o(i._printf_core) for _printf_core
    printf7.o(i.__0printf$7) refers to retarget.o(i.fputc) for fputc
    printf7.o(i.__0printf$7) refers to retarget.o(.data) for __stdout
    printf7.o(i.__0snprintf$7) refers to printf7.o(i._printf_core) for _printf_core
    printf7.o(i.__0snprintf$7) refers to printf7.o(i._snputc) for _snputc
    printf7.o(i.__0sprintf$7) refers to printf7.o(i._printf_core) for _printf_core
    printf7.o(i.__0sprintf$7) refers to printf7.o(i._sputc) for _sputc
    printf7.o(i.__0vfprintf$7) refers to printf7.o(i._printf_core) for _printf_core
    printf7.o(i.__0vfprintf$7) refers to retarget.o(i.fputc) for fputc
    printf7.o(i.__0vprintf$7) refers to printf7.o(i._printf_core) for _printf_core
    printf7.o(i.__0vprintf$7) refers to retarget.o(i.fputc) for fputc
    printf7.o(i.__0vprintf$7) refers to retarget.o(.data) for __stdout
    printf7.o(i.__0vsnprintf$7) refers to printf7.o(i._printf_core) for _printf_core
    printf7.o(i.__0vsnprintf$7) refers to printf7.o(i._snputc) for _snputc
    printf7.o(i.__0vsprintf$7) refers to printf7.o(i._printf_core) for _printf_core
    printf7.o(i.__0vsprintf$7) refers to printf7.o(i._sputc) for _sputc
    printf7.o(i._printf_core) refers to printf7.o(i._printf_pre_padding) for _printf_pre_padding
    printf7.o(i._printf_core) refers to printf7.o(i._printf_post_padding) for _printf_post_padding
    printf7.o(i._printf_core) refers to uldiv.o(.text) for __aeabi_uldivmod
    printf8.o(i.__0fprintf$8) refers to printf8.o(i._printf_core) for _printf_core
    printf8.o(i.__0fprintf$8) refers to retarget.o(i.fputc) for fputc
    printf8.o(i.__0printf$8) refers to printf8.o(i._printf_core) for _printf_core
    printf8.o(i.__0printf$8) refers to retarget.o(i.fputc) for fputc
    printf8.o(i.__0printf$8) refers to retarget.o(.data) for __stdout
    printf8.o(i.__0snprintf$8) refers to printf8.o(i._printf_core) for _printf_core
    printf8.o(i.__0snprintf$8) refers to printf8.o(i._snputc) for _snputc
    printf8.o(i.__0sprintf$8) refers to printf8.o(i._printf_core) for _printf_core
    printf8.o(i.__0sprintf$8) refers to printf8.o(i._sputc) for _sputc
    printf8.o(i.__0vfprintf$8) refers to printf8.o(i._printf_core) for _printf_core
    printf8.o(i.__0vfprintf$8) refers to retarget.o(i.fputc) for fputc
    printf8.o(i.__0vprintf$8) refers to printf8.o(i._printf_core) for _printf_core
    printf8.o(i.__0vprintf$8) refers to retarget.o(i.fputc) for fputc
    printf8.o(i.__0vprintf$8) refers to retarget.o(.data) for __stdout
    printf8.o(i.__0vsnprintf$8) refers to printf8.o(i._printf_core) for _printf_core
    printf8.o(i.__0vsnprintf$8) refers to printf8.o(i._snputc) for _snputc
    printf8.o(i.__0vsprintf$8) refers to printf8.o(i._printf_core) for _printf_core
    printf8.o(i.__0vsprintf$8) refers to printf8.o(i._sputc) for _sputc
    printf8.o(i._printf_core) refers to printf8.o(i._printf_pre_padding) for _printf_pre_padding
    printf8.o(i._printf_core) refers to printf8.o(i._printf_post_padding) for _printf_post_padding
    printf8.o(i._printf_core) refers to uldiv.o(.text) for __aeabi_uldivmod
    printfa.o(i.__0fprintf) refers (Special) to iusefp.o(.text) for __I$use$fp
    printfa.o(i.__0fprintf) refers to printfa.o(i._printf_core) for _printf_core
    printfa.o(i.__0fprintf) refers to retarget.o(i.fputc) for fputc
    printfa.o(i.__0printf) refers (Special) to iusefp.o(.text) for __I$use$fp
    printfa.o(i.__0printf) refers to printfa.o(i._printf_core) for _printf_core
    printfa.o(i.__0printf) refers to retarget.o(i.fputc) for fputc
    printfa.o(i.__0printf) refers to retarget.o(.data) for __stdout
    printfa.o(i.__0snprintf) refers (Special) to iusefp.o(.text) for __I$use$fp
    printfa.o(i.__0snprintf) refers to printfa.o(i._printf_core) for _printf_core
    printfa.o(i.__0snprintf) refers to printfa.o(i._snputc) for _snputc
    printfa.o(i.__0sprintf) refers (Special) to iusefp.o(.text) for __I$use$fp
    printfa.o(i.__0sprintf) refers to printfa.o(i._printf_core) for _printf_core
    printfa.o(i.__0sprintf) refers to printfa.o(i._sputc) for _sputc
    printfa.o(i.__0vfprintf) refers (Special) to iusefp.o(.text) for __I$use$fp
    printfa.o(i.__0vfprintf) refers to printfa.o(i._printf_core) for _printf_core
    printfa.o(i.__0vfprintf) refers to retarget.o(i.fputc) for fputc
    printfa.o(i.__0vprintf) refers (Special) to iusefp.o(.text) for __I$use$fp
    printfa.o(i.__0vprintf) refers to printfa.o(i._printf_core) for _printf_core
    printfa.o(i.__0vprintf) refers to retarget.o(i.fputc) for fputc
    printfa.o(i.__0vprintf) refers to retarget.o(.data) for __stdout
    printfa.o(i.__0vsnprintf) refers (Special) to iusefp.o(.text) for __I$use$fp
    printfa.o(i.__0vsnprintf) refers to printfa.o(i._printf_core) for _printf_core
    printfa.o(i.__0vsnprintf) refers to printfa.o(i._snputc) for _snputc
    printfa.o(i.__0vsprintf) refers (Special) to iusefp.o(.text) for __I$use$fp
    printfa.o(i.__0vsprintf) refers to printfa.o(i._printf_core) for _printf_core
    printfa.o(i.__0vsprintf) refers to printfa.o(i._sputc) for _sputc
    printfa.o(i._fp_digits) refers (Special) to iusefp.o(.text) for __I$use$fp
    printfa.o(i._fp_digits) refers to dmul.o(.text) for __aeabi_dmul
    printfa.o(i._fp_digits) refers to ddiv.o(.text) for __aeabi_ddiv
    printfa.o(i._fp_digits) refers to cdrcmple.o(.text) for __aeabi_cdrcmple
    printfa.o(i._fp_digits) refers to dadd.o(.text) for __aeabi_dadd
    printfa.o(i._fp_digits) refers to dfixul.o(.text) for __aeabi_d2ulz
    printfa.o(i._fp_digits) refers to uldiv.o(.text) for __aeabi_uldivmod
    printfa.o(i._printf_core) refers (Special) to iusefp.o(.text) for __I$use$fp
    printfa.o(i._printf_core) refers to printfa.o(i._printf_pre_padding) for _printf_pre_padding
    printfa.o(i._printf_core) refers to uldiv.o(.text) for __aeabi_uldivmod
    printfa.o(i._printf_core) refers to printfa.o(i._printf_post_padding) for _printf_post_padding
    printfa.o(i._printf_core) refers to printfa.o(i._fp_digits) for _fp_digits
    printfa.o(i._printf_core) refers to uidiv.o(.text) for __aeabi_uidivmod
    printfa.o(i._printf_post_padding) refers (Special) to iusefp.o(.text) for __I$use$fp
    printfa.o(i._printf_pre_padding) refers (Special) to iusefp.o(.text) for __I$use$fp
    printfa.o(i._snputc) refers (Special) to iusefp.o(.text) for __I$use$fp
    printfa.o(i._sputc) refers (Special) to iusefp.o(.text) for __I$use$fp
    entry2.o(.ARM.Collect$$$$00000001) refers to entry2.o(.ARM.Collect$$$$00002712) for __lit__00000000
    entry2.o(.ARM.Collect$$$$00002712) refers to startup_nuc131.o(STACK) for __initial_sp
    entry2.o(__vectab_stack_and_reset_area) refers to startup_nuc131.o(STACK) for __initial_sp
    entry2.o(__vectab_stack_and_reset_area) refers to entry.o(.ARM.Collect$$$$00000000) for __main
    entry5.o(.ARM.Collect$$$$00000004) refers to init.o(.text) for __scatterload
    entry9a.o(.ARM.Collect$$$$0000000B) refers to main.o(i.main) for main
    entry9b.o(.ARM.Collect$$$$0000000C) refers to main.o(i.main) for main
    uldiv.o(.text) refers to llushr.o(.text) for __aeabi_llsr
    uldiv.o(.text) refers to llshl.o(.text) for __aeabi_llsl
    dadd.o(.text) refers to llshl.o(.text) for __aeabi_llsl
    dadd.o(.text) refers to llsshr.o(.text) for __aeabi_lasr
    dadd.o(.text) refers to depilogue.o(.text) for _double_epilogue
    dmul.o(.text) refers to depilogue.o(.text) for _double_epilogue
    ddiv.o(.text) refers to depilogue.o(.text) for _double_round
    dfixul.o(.text) refers to llushr.o(.text) for __aeabi_llsr
    dfixul.o(.text) refers to llshl.o(.text) for __aeabi_llsl
    init.o(.text) refers to entry5.o(.ARM.Collect$$$$00000004) for __main_after_scatterload
    depilogue.o(.text) refers to depilogue.o(i.__ARM_clz) for __ARM_clz
    depilogue.o(.text) refers to llshl.o(.text) for __aeabi_llsl
    depilogue.o(.text) refers to llushr.o(.text) for __aeabi_llsr


==============================================================================

Removing Unused input sections from the image.

    Removing system_nuc131.o(.rev16_text), (4 bytes).
    Removing system_nuc131.o(.revsh_text), (4 bytes).
    Removing startup_nuc131.o(HEAP), (0 bytes).
    Removing main.o(.rev16_text), (4 bytes).
    Removing main.o(.revsh_text), (4 bytes).
    Removing clk.o(.rev16_text), (4 bytes).
    Removing clk.o(.revsh_text), (4 bytes).
    Removing clk.o(i.CLK_DisableCKO), (16 bytes).
    Removing clk.o(i.CLK_DisableModuleClock), (60 bytes).
    Removing clk.o(i.CLK_DisablePLL), (20 bytes).
    Removing clk.o(i.CLK_DisableSysTick), (12 bytes).
    Removing clk.o(i.CLK_DisableXtalRC), (16 bytes).
    Removing clk.o(i.CLK_EnableCKO), (48 bytes).
    Removing clk.o(i.CLK_EnableSysTick), (72 bytes).
    Removing clk.o(i.CLK_GetCPUFreq), (16 bytes).
    Removing clk.o(i.CLK_GetHCLKFreq), (16 bytes).
    Removing clk.o(i.CLK_GetHXTFreq), (28 bytes).
    Removing clk.o(i.CLK_GetPCLKFreq), (16 bytes).
    Removing clk.o(i.CLK_Idle), (36 bytes).
    Removing clk.o(i.CLK_PowerDown), (40 bytes).
    Removing clk.o(i.CLK_SetSysTickClockSrc), (20 bytes).
    Removing retarget.o(.rev16_text), (4 bytes).
    Removing retarget.o(.revsh_text), (4 bytes).
    Removing retarget.o(i.GetChar), (32 bytes).
    Removing retarget.o(i.IsDebugFifoEmpty), (20 bytes).
    Removing retarget.o(i._ttywrch), (12 bytes).
    Removing retarget.o(i.ferror), (8 bytes).
    Removing retarget.o(i.fgetc), (10 bytes).
    Removing retarget.o(i.kbhit), (20 bytes).
    Removing sys.o(.rev16_text), (4 bytes).
    Removing sys.o(.revsh_text), (4 bytes).
    Removing sys.o(i.SYS_ClearResetSrc), (16 bytes).
    Removing sys.o(i.SYS_DisableBOD), (18 bytes).
    Removing sys.o(i.SYS_EnableBOD), (50 bytes).
    Removing sys.o(i.SYS_GetBODStatus), (14 bytes).
    Removing sys.o(i.SYS_GetResetSrc), (8 bytes).
    Removing sys.o(i.SYS_IsRegLocked), (20 bytes).
    Removing sys.o(i.SYS_ReadPDID), (8 bytes).
    Removing sys.o(i.SYS_ResetCPU), (18 bytes).
    Removing sys.o(i.SYS_ResetChip), (18 bytes).
    Removing uart.o(.rev16_text), (4 bytes).
    Removing uart.o(.revsh_text), (4 bytes).
    Removing uart.o(i.UART_ClearIntFlag), (112 bytes).
    Removing uart.o(i.UART_Close), (6 bytes).
    Removing uart.o(i.UART_DisableFlowCtrl), (12 bytes).
    Removing uart.o(i.UART_EnableFlowCtrl), (30 bytes).
    Removing uart.o(i.UART_Read), (54 bytes).
    Removing uart.o(i.UART_SelectIrDAMode), (164 bytes).
    Removing uart.o(i.UART_SelectLINMode), (26 bytes).
    Removing uart.o(i.UART_SelectRS485Mode), (32 bytes).
    Removing uart.o(i.UART_SetLine_Config), (184 bytes).
    Removing uart.o(i.UART_SetTimeoutCnt), (22 bytes).
    Removing uart.o(i.UART_Write), (54 bytes).
    Removing timer.o(.rev16_text), (4 bytes).
    Removing timer.o(.revsh_text), (4 bytes).
    Removing timer.o(i.TIMER_Close), (8 bytes).
    Removing timer.o(i.TIMER_Delay), (272 bytes).
    Removing timer.o(i.TIMER_DisableCapture), (10 bytes).
    Removing timer.o(i.TIMER_DisableEventCounter), (12 bytes).
    Removing timer.o(i.TIMER_EnableCapture), (20 bytes).
    Removing timer.o(i.TIMER_EnableEventCounter), (22 bytes).
    Removing timer.o(i.TIMER_GetModuleClock), (132 bytes).
    Removing timer.o(i.TIMER_Open), (124 bytes).
    Removing timer.o(.constdata), (32 bytes).
    Removing gpio.o(.rev16_text), (4 bytes).
    Removing gpio.o(.revsh_text), (4 bytes).
    Removing gpio.o(i.GPIO_DisableInt), (28 bytes).
    Removing dadd.o(.text), (356 bytes).
    Removing dmul.o(.text), (208 bytes).
    Removing ddiv.o(.text), (240 bytes).
    Removing dfixul.o(.text), (64 bytes).
    Removing cdrcmple.o(.text), (40 bytes).
    Removing depilogue.o(.text), (190 bytes).
    Removing depilogue.o(i.__ARM_clz), (46 bytes).

74 unused section(s) (total 3252 bytes) removed from the image.

==============================================================================

Image Symbol Table

    Local Symbols

    Symbol Name                              Value     Ov Type        Size  Object(Section)

    RESET                                    0x00000000   Section      192  startup_nuc131.o(RESET)
    ../clib/microlib/division.c              0x00000000   Number         0  uldiv.o ABSOLUTE
    ../clib/microlib/division.c              0x00000000   Number         0  uidiv.o ABSOLUTE
    ../clib/microlib/init/entry.s            0x00000000   Number         0  entry2.o ABSOLUTE
    ../clib/microlib/init/entry.s            0x00000000   Number         0  entry.o ABSOLUTE
    ../clib/microlib/init/entry.s            0x00000000   Number         0  entry5.o ABSOLUTE
    ../clib/microlib/init/entry.s            0x00000000   Number         0  entry7a.o ABSOLUTE
    ../clib/microlib/init/entry.s            0x00000000   Number         0  entry11b.o ABSOLUTE
    ../clib/microlib/init/entry.s            0x00000000   Number         0  entry8b.o ABSOLUTE
    ../clib/microlib/init/entry.s            0x00000000   Number         0  entry11a.o ABSOLUTE
    ../clib/microlib/init/entry.s            0x00000000   Number         0  entry10b.o ABSOLUTE
    ../clib/microlib/init/entry.s            0x00000000   Number         0  entry10a.o ABSOLUTE
    ../clib/microlib/init/entry.s            0x00000000   Number         0  entry7b.o ABSOLUTE
    ../clib/microlib/init/entry.s            0x00000000   Number         0  entry8a.o ABSOLUTE
    ../clib/microlib/init/entry.s            0x00000000   Number         0  entry9b.o ABSOLUTE
    ../clib/microlib/init/entry.s            0x00000000   Number         0  entry9a.o ABSOLUTE
    ../clib/microlib/longlong.c              0x00000000   Number         0  llshl.o ABSOLUTE
    ../clib/microlib/longlong.c              0x00000000   Number         0  llsshr.o ABSOLUTE
    ../clib/microlib/longlong.c              0x00000000   Number         0  llushr.o ABSOLUTE
    ../clib/microlib/printf/printf.c         0x00000000   Number         0  printfb.o ABSOLUTE
    ../clib/microlib/printf/printf.c         0x00000000   Number         0  printf1.o ABSOLUTE
    ../clib/microlib/printf/printf.c         0x00000000   Number         0  printfa.o ABSOLUTE
    ../clib/microlib/printf/printf.c         0x00000000   Number         0  printf8.o ABSOLUTE
    ../clib/microlib/printf/printf.c         0x00000000   Number         0  printf7.o ABSOLUTE
    ../clib/microlib/printf/printf.c         0x00000000   Number         0  printf6.o ABSOLUTE
    ../clib/microlib/printf/printf.c         0x00000000   Number         0  printf5.o ABSOLUTE
    ../clib/microlib/printf/printf.c         0x00000000   Number         0  printf4.o ABSOLUTE
    ../clib/microlib/printf/printf.c         0x00000000   Number         0  printf3.o ABSOLUTE
    ../clib/microlib/printf/printf.c         0x00000000   Number         0  printf2.o ABSOLUTE
    ../clib/microlib/printf/printf.c         0x00000000   Number         0  printf0.o ABSOLUTE
    ../clib/microlib/printf/stubs.s          0x00000000   Number         0  stubs.o ABSOLUTE
    ../clib/microlib/string/memcpy.c         0x00000000   Number         0  memcpya.o ABSOLUTE
    ../clib/microlib/string/memcpy.c         0x00000000   Number         0  memcpyb.o ABSOLUTE
    ../clib/microlib/string/strlen.c         0x00000000   Number         0  strlen.o ABSOLUTE
    ../clib/microlib/stubs.s                 0x00000000   Number         0  iusefp.o ABSOLUTE
    ../fplib/microlib/fpadd.c                0x00000000   Number         0  dadd.o ABSOLUTE
    ../fplib/microlib/fpdiv.c                0x00000000   Number         0  ddiv.o ABSOLUTE
    ../fplib/microlib/fpepilogue.c           0x00000000   Number         0  depilogue.o ABSOLUTE
    ../fplib/microlib/fpfix.c                0x00000000   Number         0  dfixul.o ABSOLUTE
    ../fplib/microlib/fpmul.c                0x00000000   Number         0  dmul.o ABSOLUTE
    ..\..\..\..\Library\Device\Nuvoton\NUC131\Source\ARM\startup_NUC131.s 0x00000000   Number         0  startup_nuc131.o ABSOLUTE
    ..\..\..\..\Library\Device\Nuvoton\NUC131\Source\system_NUC131.c 0x00000000   Number         0  system_nuc131.o ABSOLUTE
    ..\..\..\..\Library\StdDriver\src\clk.c  0x00000000   Number         0  clk.o ABSOLUTE
    ..\..\..\..\Library\StdDriver\src\gpio.c 0x00000000   Number         0  gpio.o ABSOLUTE
    ..\..\..\..\Library\StdDriver\src\retarget.c 0x00000000   Number         0  retarget.o ABSOLUTE
    ..\..\..\..\Library\StdDriver\src\sys.c  0x00000000   Number         0  sys.o ABSOLUTE
    ..\..\..\..\Library\StdDriver\src\timer.c 0x00000000   Number         0  timer.o ABSOLUTE
    ..\..\..\..\Library\StdDriver\src\uart.c 0x00000000   Number         0  uart.o ABSOLUTE
    ..\\..\\..\\..\\Library\\Device\\Nuvoton\\NUC131\\Source\\system_NUC131.c 0x00000000   Number         0  system_nuc131.o ABSOLUTE
    ..\\..\\..\\..\\Library\\StdDriver\\src\\clk.c 0x00000000   Number         0  clk.o ABSOLUTE
    ..\\..\\..\\..\\Library\\StdDriver\\src\\gpio.c 0x00000000   Number         0  gpio.o ABSOLUTE
    ..\\..\\..\\..\\Library\\StdDriver\\src\\retarget.c 0x00000000   Number         0  retarget.o ABSOLUTE
    ..\\..\\..\\..\\Library\\StdDriver\\src\\sys.c 0x00000000   Number         0  sys.o ABSOLUTE
    ..\\..\\..\\..\\Library\\StdDriver\\src\\timer.c 0x00000000   Number         0  timer.o ABSOLUTE
    ..\\..\\..\\..\\Library\\StdDriver\\src\\uart.c 0x00000000   Number         0  uart.o ABSOLUTE
    ..\\main.c                               0x00000000   Number         0  main.o ABSOLUTE
    ..\main.c                                0x00000000   Number         0  main.o ABSOLUTE
    cdrcmple.s                               0x00000000   Number         0  cdrcmple.o ABSOLUTE
    handlers.s                               0x00000000   Number         0  handlers.o ABSOLUTE
    init.s                                   0x00000000   Number         0  init.o ABSOLUTE
    .ARM.Collect$$$$00000000                 0x000000c0   Section        0  entry.o(.ARM.Collect$$$$00000000)
    .ARM.Collect$$$$00000001                 0x000000c0   Section        4  entry2.o(.ARM.Collect$$$$00000001)
    .ARM.Collect$$$$00000004                 0x000000c4   Section        4  entry5.o(.ARM.Collect$$$$00000004)
    .ARM.Collect$$$$00000008                 0x000000c8   Section        0  entry7b.o(.ARM.Collect$$$$00000008)
    .ARM.Collect$$$$0000000A                 0x000000c8   Section        0  entry8b.o(.ARM.Collect$$$$0000000A)
    .ARM.Collect$$$$0000000B                 0x000000c8   Section        8  entry9a.o(.ARM.Collect$$$$0000000B)
    .ARM.Collect$$$$0000000D                 0x000000d0   Section        0  entry10a.o(.ARM.Collect$$$$0000000D)
    .ARM.Collect$$$$0000000F                 0x000000d0   Section        0  entry11a.o(.ARM.Collect$$$$0000000F)
    .ARM.Collect$$$$00002712                 0x000000d0   Section        4  entry2.o(.ARM.Collect$$$$00002712)
    __lit__00000000                          0x000000d0   Data           4  entry2.o(.ARM.Collect$$$$00002712)
    .emb_text                                0x000000d4   Section       28  retarget.o(.emb_text)
    .text                                    0x000000f0   Section       76  startup_nuc131.o(.text)
    Default_Handler                          0x0000011b   Thumb Code     2  startup_nuc131.o(.text)
    .text                                    0x0000013c   Section        0  uidiv.o(.text)
    .text                                    0x00000168   Section        0  strlen.o(.text)
    .text                                    0x00000176   Section        0  uldiv.o(.text)
    .text                                    0x000001d8   Section       36  init.o(.text)
    .text                                    0x000001fc   Section        0  llshl.o(.text)
    .text                                    0x0000021c   Section        0  llushr.o(.text)
    i.CLK_EnableModuleClock                  0x00000240   Section        0  clk.o(i.CLK_EnableModuleClock)
    i.CLK_EnablePLL                          0x0000027c   Section        0  clk.o(i.CLK_EnablePLL)
    i.CLK_EnableXtalRC                       0x00000400   Section        0  clk.o(i.CLK_EnableXtalRC)
    i.CLK_GetPLLClockFreq                    0x00000410   Section        0  system_nuc131.o(i.CLK_GetPLLClockFreq)
    CLK_GetPLLClockFreq                      0x00000411   Thumb Code   112  system_nuc131.o(i.CLK_GetPLLClockFreq)
    i.CLK_GetPLLClockFreq                    0x00000490   Section        0  clk.o(i.CLK_GetPLLClockFreq)
    CLK_GetPLLClockFreq                      0x00000491   Thumb Code   112  clk.o(i.CLK_GetPLLClockFreq)
    i.CLK_GetPLLClockFreq                    0x00000510   Section        0  uart.o(i.CLK_GetPLLClockFreq)
    CLK_GetPLLClockFreq                      0x00000511   Thumb Code   112  uart.o(i.CLK_GetPLLClockFreq)
    i.CLK_SetCoreClock                       0x00000590   Section        0  clk.o(i.CLK_SetCoreClock)
    i.CLK_SetHCLK                            0x0000062c   Section        0  clk.o(i.CLK_SetHCLK)
    i.CLK_SetModuleClock                     0x00000698   Section        0  clk.o(i.CLK_SetModuleClock)
    i.CLK_WaitClockReady                     0x0000070c   Section        0  clk.o(i.CLK_WaitClockReady)
    i.Check                                  0x00000734   Section        0  main.o(i.Check)
    i.Delay                                  0x00000770   Section        0  main.o(i.Delay)
    i.GPAB_IRQHandler                        0x00000780   Section        0  main.o(i.GPAB_IRQHandler)
    i.GPIO_EnableInt                         0x0000088c   Section        0  gpio.o(i.GPIO_EnableInt)
    i.GPIO_SetMode                           0x000008a6   Section        0  gpio.o(i.GPIO_SetMode)
    i.Hard_Fault_Handler                     0x000008d4   Section        0  retarget.o(i.Hard_Fault_Handler)
    __tagsym$$used                           0x000008d5   Number         0  retarget.o(i.Hard_Fault_Handler)
    i.NVIC_DisableIRQ                        0x00000900   Section        0  uart.o(i.NVIC_DisableIRQ)
    NVIC_DisableIRQ                          0x00000901   Thumb Code    14  uart.o(i.NVIC_DisableIRQ)
    i.NVIC_EnableIRQ                         0x00000914   Section        0  main.o(i.NVIC_EnableIRQ)
    NVIC_EnableIRQ                           0x00000915   Thumb Code    14  main.o(i.NVIC_EnableIRQ)
    i.NVIC_EnableIRQ                         0x00000928   Section        0  uart.o(i.NVIC_EnableIRQ)
    NVIC_EnableIRQ                           0x00000929   Thumb Code    14  uart.o(i.NVIC_EnableIRQ)
    i.SYS_Init                               0x0000093c   Section        0  main.o(i.SYS_Init)
    i.SYS_ResetModule                        0x0000099c   Section        0  sys.o(i.SYS_ResetModule)
    i.SendChar                               0x000009cc   Section        0  retarget.o(i.SendChar)
    i.SendChar_ToUART                        0x000009d8   Section        0  retarget.o(i.SendChar_ToUART)
    i.SystemCoreClockUpdate                  0x00000a0c   Section        0  system_nuc131.o(i.SystemCoreClockUpdate)
    i.SystemInit                             0x00000a70   Section        0  system_nuc131.o(i.SystemInit)
    i.UART02_IRQHandler                      0x00000a72   Section        0  main.o(i.UART02_IRQHandler)
    i.UART0_Init                             0x00000a7c   Section        0  main.o(i.UART0_Init)
    i.UART_DisableInt                        0x00000a98   Section        0  uart.o(i.UART_DisableInt)
    i.UART_EnableInt                         0x00000b08   Section        0  uart.o(i.UART_EnableInt)
    i.UART_Open                              0x00000b78   Section        0  uart.o(i.UART_Open)
    i.UART_Receiver                          0x00000c30   Section        0  main.o(i.UART_Receiver)
    i.__0printf$5                            0x00000c54   Section        0  printf5.o(i.__0printf$5)
    i.__scatterload_copy                     0x00000c74   Section       14  handlers.o(i.__scatterload_copy)
    i.__scatterload_null                     0x00000c82   Section        2  handlers.o(i.__scatterload_null)
    i.__scatterload_zeroinit                 0x00000c84   Section       14  handlers.o(i.__scatterload_zeroinit)
    i._printf_core                           0x00000c94   Section        0  printf5.o(i._printf_core)
    _printf_core                             0x00000c95   Thumb Code   688  printf5.o(i._printf_core)
    i.fputc                                  0x00000f70   Section        0  retarget.o(i.fputc)
    i.main                                   0x00000f80   Section        0  main.o(i.main)
    i.sendComand                             0x00001288   Section        0  main.o(i.sendComand)
    i.stackDump                              0x0000133c   Section        0  retarget.o(i.stackDump)
    stackDump                                0x0000133d   Thumb Code    70  retarget.o(i.stackDump)
    .constdata                               0x000013e4   Section       48  clk.o(.constdata)
    .constdata                               0x00001414   Section       48  uart.o(.constdata)
    .data                                    0x20000000   Section       44  system_nuc131.o(.data)
    .data                                    0x2000002c   Section       24  main.o(.data)
    .data                                    0x20000044   Section        8  retarget.o(.data)
    .bss                                     0x2000004c   Section     1074  main.o(.bss)
    STACK                                    0x20000480   Section     1024  startup_nuc131.o(STACK)

    Global Symbols

    Symbol Name                              Value     Ov Type        Size  Object(Section)

    BuildAttributes$$THM_ISAv3M$S$PE$A:L22$X:L11$S22$IEEE1$IW$USESV6$~STKCKD$USESV7$~SHL$OSPACE$ROPI$EBA8$MICROLIB$REQ8$PRES8$EABIv2 0x00000000   Number         0  anon$$obj.o ABSOLUTE
    __ARM_use_no_argv                        0x00000000   Number         0  main.o ABSOLUTE
    __Vectors                                0x00000000   Data           4  startup_nuc131.o(RESET)
    _printf_a                                0x00000000   Number         0  stubs.o ABSOLUTE
    _printf_c                                0x00000000   Number         0  stubs.o ABSOLUTE
    _printf_charcount                        0x00000000   Number         0  stubs.o ABSOLUTE
    _printf_d                                0x00000000   Number         0  stubs.o ABSOLUTE
    _printf_e                                0x00000000   Number         0  stubs.o ABSOLUTE
    _printf_f                                0x00000000   Number         0  stubs.o ABSOLUTE
    _printf_flags                            0x00000000   Number         0  stubs.o ABSOLUTE
    _printf_fp_dec                           0x00000000   Number         0  stubs.o ABSOLUTE
    _printf_fp_hex                           0x00000000   Number         0  stubs.o ABSOLUTE
    _printf_g                                0x00000000   Number         0  stubs.o ABSOLUTE
    _printf_i                                0x00000000   Number         0  stubs.o ABSOLUTE
    _printf_int_dec                          0x00000000   Number         0  stubs.o ABSOLUTE
    _printf_l                                0x00000000   Number         0  stubs.o ABSOLUTE
    _printf_lc                               0x00000000   Number         0  stubs.o ABSOLUTE
    _printf_ll                               0x00000000   Number         0  stubs.o ABSOLUTE
    _printf_lld                              0x00000000   Number         0  stubs.o ABSOLUTE
    _printf_lli                              0x00000000   Number         0  stubs.o ABSOLUTE
    _printf_llo                              0x00000000   Number         0  stubs.o ABSOLUTE
    _printf_llu                              0x00000000   Number         0  stubs.o ABSOLUTE
    _printf_llx                              0x00000000   Number         0  stubs.o ABSOLUTE
    _printf_longlong_dec                     0x00000000   Number         0  stubs.o ABSOLUTE
    _printf_longlong_hex                     0x00000000   Number         0  stubs.o ABSOLUTE
    _printf_longlong_oct                     0x00000000   Number         0  stubs.o ABSOLUTE
    _printf_ls                               0x00000000   Number         0  stubs.o ABSOLUTE
    _printf_mbtowc                           0x00000000   Number         0  stubs.o ABSOLUTE
    _printf_n                                0x00000000   Number         0  stubs.o ABSOLUTE
    _printf_o                                0x00000000   Number         0  stubs.o ABSOLUTE
    _printf_p                                0x00000000   Number         0  stubs.o ABSOLUTE
    _printf_percent                          0x00000000   Number         0  stubs.o ABSOLUTE
    _printf_pre_padding                      0x00000000   Number         0  stubs.o ABSOLUTE
    _printf_return_value                     0x00000000   Number         0  stubs.o ABSOLUTE
    _printf_s                                0x00000000   Number         0  stubs.o ABSOLUTE
    _printf_sizespec                         0x00000000   Number         0  stubs.o ABSOLUTE
    _printf_str                              0x00000000   Number         0  stubs.o ABSOLUTE
    _printf_truncate_signed                  0x00000000   Number         0  stubs.o ABSOLUTE
    _printf_truncate_unsigned                0x00000000   Number         0  stubs.o ABSOLUTE
    _printf_u                                0x00000000   Number         0  stubs.o ABSOLUTE
    _printf_wc                               0x00000000   Number         0  stubs.o ABSOLUTE
    _printf_wctomb                           0x00000000   Number         0  stubs.o ABSOLUTE
    _printf_widthprec                        0x00000000   Number         0  stubs.o ABSOLUTE
    _printf_x                                0x00000000   Number         0  stubs.o ABSOLUTE
    __cpp_initialize__aeabi_                  - Undefined Weak Reference
    __cxa_finalize                            - Undefined Weak Reference
    __decompress                              - Undefined Weak Reference
    _clock_init                               - Undefined Weak Reference
    _microlib_exit                            - Undefined Weak Reference
    __main                                   0x000000c1   Thumb Code     0  entry.o(.ARM.Collect$$$$00000000)
    _main_stk                                0x000000c1   Thumb Code     0  entry2.o(.ARM.Collect$$$$00000001)
    _main_scatterload                        0x000000c5   Thumb Code     0  entry5.o(.ARM.Collect$$$$00000004)
    __main_after_scatterload                 0x000000c9   Thumb Code     0  entry5.o(.ARM.Collect$$$$00000004)
    _main_clock                              0x000000c9   Thumb Code     0  entry7b.o(.ARM.Collect$$$$00000008)
    _main_cpp_init                           0x000000c9   Thumb Code     0  entry8b.o(.ARM.Collect$$$$0000000A)
    _main_init                               0x000000c9   Thumb Code     0  entry9a.o(.ARM.Collect$$$$0000000B)
    __rt_final_cpp                           0x000000d1   Thumb Code     0  entry10a.o(.ARM.Collect$$$$0000000D)
    __rt_final_exit                          0x000000d1   Thumb Code     0  entry11a.o(.ARM.Collect$$$$0000000F)
    HardFault_Handler                        0x000000d5   Thumb Code    24  retarget.o(.emb_text)
    Reset_Handler                            0x000000f1   Thumb Code    32  startup_nuc131.o(.text)
    NMI_Handler                              0x00000111   Thumb Code     2  startup_nuc131.o(.text)
    SVC_Handler                              0x00000115   Thumb Code     2  startup_nuc131.o(.text)
    PendSV_Handler                           0x00000117   Thumb Code     2  startup_nuc131.o(.text)
    SysTick_Handler                          0x00000119   Thumb Code     2  startup_nuc131.o(.text)
    ADC_IRQHandler                           0x0000011b   Thumb Code     0  startup_nuc131.o(.text)
    BOD_IRQHandler                           0x0000011b   Thumb Code     0  startup_nuc131.o(.text)
    BPWM0_IRQHandler                         0x0000011b   Thumb Code     0  startup_nuc131.o(.text)
    BPWM1_IRQHandler                         0x0000011b   Thumb Code     0  startup_nuc131.o(.text)
    BRAKE0_IRQHandler                        0x0000011b   Thumb Code     0  startup_nuc131.o(.text)
    BRAKE1_IRQHandler                        0x0000011b   Thumb Code     0  startup_nuc131.o(.text)
    CAN0_IRQHandler                          0x0000011b   Thumb Code     0  startup_nuc131.o(.text)
    CAN1_IRQHandler                          0x0000011b   Thumb Code     0  startup_nuc131.o(.text)
    CKD_IRQHandler                           0x0000011b   Thumb Code     0  startup_nuc131.o(.text)
    EINT0_IRQHandler                         0x0000011b   Thumb Code     0  startup_nuc131.o(.text)
    EINT1_IRQHandler                         0x0000011b   Thumb Code     0  startup_nuc131.o(.text)
    GPCDEF_IRQHandler                        0x0000011b   Thumb Code     0  startup_nuc131.o(.text)
    I2C0_IRQHandler                          0x0000011b   Thumb Code     0  startup_nuc131.o(.text)
    I2C1_IRQHandler                          0x0000011b   Thumb Code     0  startup_nuc131.o(.text)
    PWM0_IRQHandler                          0x0000011b   Thumb Code     0  startup_nuc131.o(.text)
    PWM1_IRQHandler                          0x0000011b   Thumb Code     0  startup_nuc131.o(.text)
    PWRWU_IRQHandler                         0x0000011b   Thumb Code     0  startup_nuc131.o(.text)
    RTC_IRQHandler                           0x0000011b   Thumb Code     0  startup_nuc131.o(.text)
    SPI0_IRQHandler                          0x0000011b   Thumb Code     0  startup_nuc131.o(.text)
    TMR0_IRQHandler                          0x0000011b   Thumb Code     0  startup_nuc131.o(.text)
    TMR1_IRQHandler                          0x0000011b   Thumb Code     0  startup_nuc131.o(.text)
    TMR2_IRQHandler                          0x0000011b   Thumb Code     0  startup_nuc131.o(.text)
    TMR3_IRQHandler                          0x0000011b   Thumb Code     0  startup_nuc131.o(.text)
    UART1_IRQHandler                         0x0000011b   Thumb Code     0  startup_nuc131.o(.text)
    UART3_IRQHandler                         0x0000011b   Thumb Code     0  startup_nuc131.o(.text)
    UART4_IRQHandler                         0x0000011b   Thumb Code     0  startup_nuc131.o(.text)
    UART5_IRQHandler                         0x0000011b   Thumb Code     0  startup_nuc131.o(.text)
    WDT_IRQHandler                           0x0000011b   Thumb Code     0  startup_nuc131.o(.text)
    __aeabi_uidiv                            0x0000013d   Thumb Code     0  uidiv.o(.text)
    __aeabi_uidivmod                         0x0000013d   Thumb Code    44  uidiv.o(.text)
    strlen                                   0x00000169   Thumb Code    14  strlen.o(.text)
    __aeabi_uldivmod                         0x00000177   Thumb Code    96  uldiv.o(.text)
    __scatterload                            0x000001d9   Thumb Code    28  init.o(.text)
    __scatterload_rt2                        0x000001d9   Thumb Code     0  init.o(.text)
    __aeabi_llsl                             0x000001fd   Thumb Code    32  llshl.o(.text)
    _ll_shift_l                              0x000001fd   Thumb Code     0  llshl.o(.text)
    __aeabi_llsr                             0x0000021d   Thumb Code    34  llushr.o(.text)
    _ll_ushift_r                             0x0000021d   Thumb Code     0  llushr.o(.text)
    CLK_EnableModuleClock                    0x00000241   Thumb Code    52  clk.o(i.CLK_EnableModuleClock)
    CLK_EnablePLL                            0x0000027d   Thumb Code   342  clk.o(i.CLK_EnablePLL)
    CLK_EnableXtalRC                         0x00000401   Thumb Code    12  clk.o(i.CLK_EnableXtalRC)
    CLK_SetCoreClock                         0x00000591   Thumb Code   144  clk.o(i.CLK_SetCoreClock)
    CLK_SetHCLK                              0x0000062d   Thumb Code   102  clk.o(i.CLK_SetHCLK)
    CLK_SetModuleClock                       0x00000699   Thumb Code   108  clk.o(i.CLK_SetModuleClock)
    CLK_WaitClockReady                       0x0000070d   Thumb Code    32  clk.o(i.CLK_WaitClockReady)
    Check                                    0x00000735   Thumb Code    60  main.o(i.Check)
    Delay                                    0x00000771   Thumb Code    14  main.o(i.Delay)
    GPAB_IRQHandler                          0x00000781   Thumb Code   238  main.o(i.GPAB_IRQHandler)
    GPIO_EnableInt                           0x0000088d   Thumb Code    26  gpio.o(i.GPIO_EnableInt)
    GPIO_SetMode                             0x000008a7   Thumb Code    46  gpio.o(i.GPIO_SetMode)
    Hard_Fault_Handler                       0x000008d5   Thumb Code    18  retarget.o(i.Hard_Fault_Handler)
    SYS_Init                                 0x0000093d   Thumb Code    88  main.o(i.SYS_Init)
    SYS_ResetModule                          0x0000099d   Thumb Code    48  sys.o(i.SYS_ResetModule)
    SendChar                                 0x000009cd   Thumb Code    12  retarget.o(i.SendChar)
    SendChar_ToUART                          0x000009d9   Thumb Code    48  retarget.o(i.SendChar_ToUART)
    SystemCoreClockUpdate                    0x00000a0d   Thumb Code    76  system_nuc131.o(i.SystemCoreClockUpdate)
    SystemInit                               0x00000a71   Thumb Code     2  system_nuc131.o(i.SystemInit)
    UART02_IRQHandler                        0x00000a73   Thumb Code     8  main.o(i.UART02_IRQHandler)
    UART0_Init                               0x00000a7d   Thumb Code    20  main.o(i.UART0_Init)
    UART_DisableInt                          0x00000a99   Thumb Code    90  uart.o(i.UART_DisableInt)
    UART_EnableInt                           0x00000b09   Thumb Code    90  uart.o(i.UART_EnableInt)
    UART_Open                                0x00000b79   Thumb Code   166  uart.o(i.UART_Open)
    UART_Receiver                            0x00000c31   Thumb Code    24  main.o(i.UART_Receiver)
    __0printf$5                              0x00000c55   Thumb Code    24  printf5.o(i.__0printf$5)
    __1printf$5                              0x00000c55   Thumb Code     0  printf5.o(i.__0printf$5)
    __2printf                                0x00000c55   Thumb Code     0  printf5.o(i.__0printf$5)
    __scatterload_copy                       0x00000c75   Thumb Code    14  handlers.o(i.__scatterload_copy)
    __scatterload_null                       0x00000c83   Thumb Code     2  handlers.o(i.__scatterload_null)
    __scatterload_zeroinit                   0x00000c85   Thumb Code    14  handlers.o(i.__scatterload_zeroinit)
    fputc                                    0x00000f71   Thumb Code    16  retarget.o(i.fputc)
    main                                     0x00000f81   Thumb Code   558  main.o(i.main)
    sendComand                               0x00001289   Thumb Code   160  main.o(i.sendComand)
    Region$$Table$$Base                      0x00001444   Number         0  anon$$obj.o(Region$$Table)
    Region$$Table$$Limit                     0x00001464   Number         0  anon$$obj.o(Region$$Table)
    SystemCoreClock                          0x20000000   Data           4  system_nuc131.o(.data)
    CyclesPerUs                              0x20000004   Data           4  system_nuc131.o(.data)
    PllClock                                 0x20000008   Data           4  system_nuc131.o(.data)
    gau32ClkSrcTbl                           0x2000000c   Data          32  system_nuc131.o(.data)
    g_u32comRbytes                           0x2000002c   Data           4  main.o(.data)
    g_u32comRhead                            0x20000030   Data           4  main.o(.data)
    g_u32comRtail                            0x20000034   Data           4  main.o(.data)
    g_bWait                                  0x20000038   Data           4  main.o(.data)
    count                                    0x2000003c   Data           1  main.o(.data)
    cre                                      0x2000003d   Data           1  main.o(.data)
    btnselect                                0x2000003e   Data           1  main.o(.data)
    btnup                                    0x2000003f   Data           1  main.o(.data)
    btndown                                  0x20000040   Data           1  main.o(.data)
    btnleft                                  0x20000041   Data           1  main.o(.data)
    btnright                                 0x20000042   Data           1  main.o(.data)
    btnfire                                  0x20000043   Data           1  main.o(.data)
    __stdout                                 0x20000044   Data           4  retarget.o(.data)
    __stdin                                  0x20000048   Data           4  retarget.o(.data)
    g_u8RecData                              0x2000004c   Data        1024  main.o(.bss)
    a                                        0x2000044c   Data          50  main.o(.bss)
    __initial_sp                             0x20000880   Data           0  startup_nuc131.o(STACK)



==============================================================================

Memory Map of the image

  Image Entry point : 0x000000f1

  Load Region LR_1 (Base: 0x00000000, Size: 0x000014b0, Max: 0xffffffff, ABSOLUTE)

    Execution Region ER_RO (Exec base: 0x00000000, Load base: 0x00000000, Size: 0x00001464, Max: 0xffffffff, ABSOLUTE)

    Exec Addr    Load Addr    Size         Type   Attr      Idx    E Section Name        Object

    0x00000000   0x00000000   0x000000c0   Data   RO          100    RESET               startup_nuc131.o
    0x000000c0   0x000000c0   0x00000000   Code   RO          742  * .ARM.Collect$$$$00000000  mc_p.l(entry.o)
    0x000000c0   0x000000c0   0x00000004   Code   RO         1012    .ARM.Collect$$$$00000001  mc_p.l(entry2.o)
    0x000000c4   0x000000c4   0x00000004   Code   RO         1015    .ARM.Collect$$$$00000004  mc_p.l(entry5.o)
    0x000000c8   0x000000c8   0x00000000   Code   RO         1017    .ARM.Collect$$$$00000008  mc_p.l(entry7b.o)
    0x000000c8   0x000000c8   0x00000000   Code   RO         1019    .ARM.Collect$$$$0000000A  mc_p.l(entry8b.o)
    0x000000c8   0x000000c8   0x00000008   Code   RO         1020    .ARM.Collect$$$$0000000B  mc_p.l(entry9a.o)
    0x000000d0   0x000000d0   0x00000000   Code   RO         1022    .ARM.Collect$$$$0000000D  mc_p.l(entry10a.o)
    0x000000d0   0x000000d0   0x00000000   Code   RO         1024    .ARM.Collect$$$$0000000F  mc_p.l(entry11a.o)
    0x000000d0   0x000000d0   0x00000004   Code   RO         1013    .ARM.Collect$$$$00002712  mc_p.l(entry2.o)
    0x000000d4   0x000000d4   0x0000001c   Code   RO          362    .emb_text           retarget.o
    0x000000f0   0x000000f0   0x0000004c   Code   RO          101  * .text               startup_nuc131.o
    0x0000013c   0x0000013c   0x0000002c   Code   RO          743    .text               mc_p.l(uidiv.o)
    0x00000168   0x00000168   0x0000000e   Code   RO          747    .text               mc_p.l(strlen.o)
    0x00000176   0x00000176   0x00000060   Code   RO         1026    .text               mc_p.l(uldiv.o)
    0x000001d6   0x000001d6   0x00000002   PAD
    0x000001d8   0x000001d8   0x00000024   Code   RO         1039    .text               mc_p.l(init.o)
    0x000001fc   0x000001fc   0x00000020   Code   RO         1041    .text               mc_p.l(llshl.o)
    0x0000021c   0x0000021c   0x00000022   Code   RO         1043    .text               mc_p.l(llushr.o)
    0x0000023e   0x0000023e   0x00000002   PAD
    0x00000240   0x00000240   0x0000003c   Code   RO          222    i.CLK_EnableModuleClock  clk.o
    0x0000027c   0x0000027c   0x00000184   Code   RO          223    i.CLK_EnablePLL     clk.o
    0x00000400   0x00000400   0x00000010   Code   RO          225    i.CLK_EnableXtalRC  clk.o
    0x00000410   0x00000410   0x00000080   Code   RO            3    i.CLK_GetPLLClockFreq  system_nuc131.o
    0x00000490   0x00000490   0x00000080   Code   RO          230    i.CLK_GetPLLClockFreq  clk.o
    0x00000510   0x00000510   0x00000080   Code   RO          529    i.CLK_GetPLLClockFreq  uart.o
    0x00000590   0x00000590   0x0000009c   Code   RO          233    i.CLK_SetCoreClock  clk.o
    0x0000062c   0x0000062c   0x0000006c   Code   RO          234    i.CLK_SetHCLK       clk.o
    0x00000698   0x00000698   0x00000074   Code   RO          235    i.CLK_SetModuleClock  clk.o
    0x0000070c   0x0000070c   0x00000028   Code   RO          237    i.CLK_WaitClockReady  clk.o
    0x00000734   0x00000734   0x0000003c   Code   RO          107    i.Check             main.o
    0x00000770   0x00000770   0x0000000e   Code   RO          108    i.Delay             main.o
    0x0000077e   0x0000077e   0x00000002   PAD
    0x00000780   0x00000780   0x0000010c   Code   RO          109    i.GPAB_IRQHandler   main.o
    0x0000088c   0x0000088c   0x0000001a   Code   RO          713    i.GPIO_EnableInt    gpio.o
    0x000008a6   0x000008a6   0x0000002e   Code   RO          714    i.GPIO_SetMode      gpio.o
    0x000008d4   0x000008d4   0x0000002c   Code   RO          364    i.Hard_Fault_Handler  retarget.o
    0x00000900   0x00000900   0x00000014   Code   RO          530    i.NVIC_DisableIRQ   uart.o
    0x00000914   0x00000914   0x00000014   Code   RO          110    i.NVIC_EnableIRQ    main.o
    0x00000928   0x00000928   0x00000014   Code   RO          531    i.NVIC_EnableIRQ    uart.o
    0x0000093c   0x0000093c   0x00000060   Code   RO          111    i.SYS_Init          main.o
    0x0000099c   0x0000099c   0x00000030   Code   RO          464    i.SYS_ResetModule   sys.o
    0x000009cc   0x000009cc   0x0000000c   Code   RO          366    i.SendChar          retarget.o
    0x000009d8   0x000009d8   0x00000034   Code   RO          367    i.SendChar_ToUART   retarget.o
    0x00000a0c   0x00000a0c   0x00000064   Code   RO            4    i.SystemCoreClockUpdate  system_nuc131.o
    0x00000a70   0x00000a70   0x00000002   Code   RO            5    i.SystemInit        system_nuc131.o
    0x00000a72   0x00000a72   0x00000008   Code   RO          112    i.UART02_IRQHandler  main.o
    0x00000a7a   0x00000a7a   0x00000002   PAD
    0x00000a7c   0x00000a7c   0x0000001c   Code   RO          113    i.UART0_Init        main.o
    0x00000a98   0x00000a98   0x00000070   Code   RO          535    i.UART_DisableInt   uart.o
    0x00000b08   0x00000b08   0x00000070   Code   RO          537    i.UART_EnableInt    uart.o
    0x00000b78   0x00000b78   0x000000b8   Code   RO          538    i.UART_Open         uart.o
    0x00000c30   0x00000c30   0x00000024   Code   RO          114    i.UART_Receiver     main.o
    0x00000c54   0x00000c54   0x00000020   Code   RO          884    i.__0printf$5       mc_p.l(printf5.o)
    0x00000c74   0x00000c74   0x0000000e   Code   RO         1053    i.__scatterload_copy  mc_p.l(handlers.o)
    0x00000c82   0x00000c82   0x00000002   Code   RO         1054    i.__scatterload_null  mc_p.l(handlers.o)
    0x00000c84   0x00000c84   0x0000000e   Code   RO         1055    i.__scatterload_zeroinit  mc_p.l(handlers.o)
    0x00000c92   0x00000c92   0x00000002   PAD
    0x00000c94   0x00000c94   0x000002dc   Code   RO          891    i._printf_core      mc_p.l(printf5.o)
    0x00000f70   0x00000f70   0x00000010   Code   RO          371    i.fputc             retarget.o
    0x00000f80   0x00000f80   0x00000308   Code   RO          115    i.main              main.o
    0x00001288   0x00001288   0x000000b4   Code   RO          116    i.sendComand        main.o
    0x0000133c   0x0000133c   0x000000a8   Code   RO          373    i.stackDump         retarget.o
    0x000013e4   0x000013e4   0x00000030   Data   RO          238    .constdata          clk.o
    0x00001414   0x00001414   0x00000030   Data   RO          546    .constdata          uart.o
    0x00001444   0x00001444   0x00000020   Data   RO         1051    Region$$Table       anon$$obj.o


    Execution Region ER_RW (Exec base: 0x20000000, Load base: 0x00001464, Size: 0x0000004c, Max: 0xffffffff, ABSOLUTE)

    Exec Addr    Load Addr    Size         Type   Attr      Idx    E Section Name        Object

    0x20000000   0x00001464   0x0000002c   Data   RW            6    .data               system_nuc131.o
    0x2000002c   0x00001490   0x00000018   Data   RW          118    .data               main.o
    0x20000044   0x000014a8   0x00000008   Data   RW          374    .data               retarget.o


    Execution Region ER_ZI (Exec base: 0x2000004c, Load base: 0x000014b0, Size: 0x00000834, Max: 0xffffffff, ABSOLUTE)

    Exec Addr    Load Addr    Size         Type   Attr      Idx    E Section Name        Object

    0x2000004c        -       0x00000432   Zero   RW          117    .bss                main.o
    0x2000047e   0x000014b0   0x00000002   PAD
    0x20000480        -       0x00000400   Zero   RW           98    STACK               startup_nuc131.o


==============================================================================

Image component sizes


      Code (inc. data)   RO Data    RW Data    ZI Data      Debug   Object Name

      1012        108         48          0          0       6366   clk.o
        72          0          0          0          0       1756   gpio.o
      1486        302          0         24       1074     170076   main.o
       320        132          0          8          0       5520   retarget.o
        76         32        192          0       1024        764   startup_nuc131.o
        48          0          0          0          0        558   sys.o
       230         40          0         44          0     130995   system_nuc131.o
       576         90         48          0          0      10363   uart.o

    ----------------------------------------------------------------------
      3824        704        320         76       2100     326398   Object Totals
         0          0         32          0          0          0   (incl. Generated)
         4          0          0          0          2          0   (incl. Padding)

    ----------------------------------------------------------------------

      Code (inc. data)   RO Data    RW Data    ZI Data      Debug   Library Member Name

         0          0          0          0          0          0   entry.o
         0          0          0          0          0          0   entry10a.o
         0          0          0          0          0          0   entry11a.o
         8          4          0          0          0          0   entry2.o
         4          0          0          0          0          0   entry5.o
         0          0          0          0          0          0   entry7b.o
         0          0          0          0          0          0   entry8b.o
         8          4          0          0          0          0   entry9a.o
        30          0          0          0          0          0   handlers.o
        36          8          0          0          0         68   init.o
        32          0          0          0          0         68   llshl.o
        34          0          0          0          0         68   llushr.o
       764         52          0          0          0        168   printf5.o
        14          0          0          0          0         60   strlen.o
        44          0          0          0          0         72   uidiv.o
        96          0          0          0          0         84   uldiv.o

    ----------------------------------------------------------------------
      1076         68          0          0          0        588   Library Totals
         6          0          0          0          0          0   (incl. Padding)

    ----------------------------------------------------------------------

      Code (inc. data)   RO Data    RW Data    ZI Data      Debug   Library Name

      1070         68          0          0          0        588   mc_p.l

    ----------------------------------------------------------------------
      1076         68          0          0          0        588   Library Totals

    ----------------------------------------------------------------------

==============================================================================


      Code (inc. data)   RO Data    RW Data    ZI Data      Debug   

      4900        772        320         76       2100     325502   Grand Totals
      4900        772        320         76       2100     325502   ELF Image Totals
      4900        772        320         76          0          0   ROM Totals

==============================================================================

    Total RO  Size (Code + RO Data)                 5220 (   5.10kB)
    Total RW  Size (RW Data + ZI Data)              2176 (   2.13kB)
    Total ROM Size (Code + RO Data + RW Data)       5296 (   5.17kB)

==============================================================================

